// Jest Snapshot v1, https://goo.gl/fbAQLP

exports[`should render LoginPage correctly 1`] = `
<div
  className="box-layout"
>
  <div
    className="box-layout__box"
  >
    <h1
      className="box-layout__title"
    >
      Boilerplate
    </h1>
    <p>
      App tagline!
    </p>
    <div>
      <Link
        replace={false}
        to="/signup"
      >
        Sign Up!
      </Link>
    </div>
    <div>
      <AuthEmailForm />
    </div>
    <div>
      Or
    </div>
    <button
      className="button"
    >
      Login with Google
    </button>
  </div>
</div>
`;
